// Jest Snapshot v1, https://goo.gl/fbAQLP

exports[`Should build the standard example 1`] = `
Array [
  "index",
  "_nuxt/08001e3704db5d6f0c4a.js",
  "_nuxt/259f4864a00b6ff19cd3.js",
  "_nuxt/f3c502d6c98ebea29c1a.js",
  "_nuxt/LICENSES",
]
`;
